bun test v1.3.14 (0d9b296a)

packages/xsaf/test/xsaf.test.ts:
(pass) builder and lifecycle > validates required config eagerly [0.27ms]
(pass) builder and lifecycle > does no driver work before start and closes in reverse order [2.99ms]
(pass) builder and lifecycle > cleans up resources when startup fails [0.22ms]
(pass) builder and lifecycle > requires an explicit sandbox for executable tools [0.21ms]
(pass) builder and lifecycle > propagates configured agent identity [0.06ms]
(pass) builder and lifecycle > coalesces concurrent lifecycle calls [0.17ms]
(pass) builder and lifecycle > aggregates shutdown failures after reverse-order cleanup [0.22ms]
(pass) builder and lifecycle > rejects duplicate names and changes after sealing [0.16ms]
(pass) runtime, memory, and channels > persists sessions independently and uses a mocked model only [0.71ms]
(pass) runtime, memory, and channels > runs end-to-end with the public mock model and mock channel [0.38ms]
327 |         body: req.body,
328 |       });
329 |     }) as unknown as typeof fetch;
330 | 
331 |     const client = createChatClient(fetchImpl);
332 |     await expect(client({ sessionId: "http-chat", text: "hello" })).rejects.toThrow("UNAUTHORIZED");
                                                                                  ^
error: expect(received).toThrow(expected)

Expected substring: "UNAUTHORIZED"
Received message: "Forbidden"

      at <anonymous> (/home/ryuz/Alpine/Developer/xsaf/packages/xsaf/test/xsaf.test.ts:332:77)
(fail) runtime, memory, and channels > serves authenticated SSE iterator through the HTTP channel [5.17ms]
309 |     })();
310 |     if (!isOk) {
311 |       if (isORPCErrorJson(deserialized)) {
312 |         throw createORPCErrorFromJson(deserialized);
313 |       }
314 |       throw new ORPCError(getMalformedResponseErrorCode(response.status), {
                  ^
error: Forbidden
 defined: false,
  status: 403,
    data: {
  body: undefined,
  status: 403,
  headers: [Object ...],
},
    code: "FORBIDDEN"

      at decode (/home/ryuz/Alpine/Developer/xsaf/node_modules/.bun/@orpc+client@1.14.13/node_modules/@orpc/client/dist/shared/client.0ydsaRZW.mjs:314:13)
(fail) runtime, memory, and channels > streams tool lifecycle events through the HTTP channel [1.04ms]
(pass) runtime, memory, and channels > uses Hono as the HTTP invocation backbone [0.77ms]
(pass) runtime, memory, and channels > serializes concurrent requests within one session [5.34ms]
(pass) runtime, memory, and channels > preserves streaming backpressure and persists after consumption [0.58ms]
(pass) tool pipeline > validates, approves, sandboxes, and retries centrally [0.92ms]
(pass) tool pipeline > does not retry invalid input or denied approval [0.25ms]
(pass) tool pipeline > does not overlap retries after a timeout [5.45ms]
(pass) tool pipeline > combines caller cancellation with the timeout signal [0.41ms]
(pass) delegation, MCP, schedules, and structured output > delegate receives no parent history and forwards its tool events [0.81ms]
(pass) delegation, MCP, schedules, and structured output > serves tools through the Hono MCP backbone [25.53ms]
(pass) delegation, MCP, schedules, and structured output > consumes MCP v2 tools over HTTP without a client adapter [1.10ms]
(pass) delegation, MCP, schedules, and structured output > rejects MCP tool names that collide with local tools [0.36ms]
(pass) delegation, MCP, schedules, and structured output > untrusted MCP tools require approval by default [0.33ms]
(pass) delegation, MCP, schedules, and structured output > runs schedules through an injected deterministic scheduler [2.03ms]
(pass) delegation, MCP, schedules, and structured output > uses adapter structured output without network access [0.36ms]

packages/cli/test/http.test.ts:
(pass) standalone oRPC agent > streams text and forwards remote lifecycle events [7.37ms]
163 |     return false;
164 |   }
165 |   return "defined" in json && typeof json.defined === "boolean" && "code" in json && typeof json.code === "string" && "status" in json && typeof json.status === "number" && isORPCErrorStatus(json.status) && "message" in json && typeof json.message === "string";
166 | }
167 | function createORPCErrorFromJson(json, options = {}) {
168 |   return new ORPCError(json.code, {
               ^
error: Unauthorized
 defined: false,
  status: 401,
    data: undefined,
    code: "UNAUTHORIZED"

      at createORPCErrorFromJson (/home/ryuz/Alpine/Developer/xsaf/node_modules/.bun/@orpc+client@1.14.13/node_modules/@orpc/client/dist/shared/client.DexhfmWd.mjs:168:10)
      at decode (/home/ryuz/Alpine/Developer/xsaf/node_modules/.bun/@orpc+client@1.14.13/node_modules/@orpc/client/dist/shared/client.0ydsaRZW.mjs:312:15)
(fail) standalone oRPC agent > surfaces oRPC authentication failures [0.74ms]

3 tests failed:
(fail) runtime, memory, and channels > serves authenticated SSE iterator through the HTTP channel [5.17ms]
(fail) runtime, memory, and channels > streams tool lifecycle events through the HTTP channel [1.04ms]
(fail) standalone oRPC agent > surfaces oRPC authentication failures [0.74ms]

 25 pass
 3 fail
 72 expect() calls
Ran 28 tests across 2 files. [177.00ms]
